// Jest Snapshot v1, https://goo.gl/fbAQLP

exports[`getComponents() should return an object for components 1`] = `
Array [
  Object {
    "filepath": "../../Foo.js",
    "hasExamples": false,
    "metadata": Object {},
    "module": Object {
      "require": "Foo.js",
    },
    "pathLine": "../../Foo.js",
    "props": Object {
      "require": "!!~/src/loaders/props-loader.js!Foo.js",
    },
    "slug": "foo",
  },
  Object {
    "filepath": "../../Bar.js",
    "hasExamples": false,
    "metadata": Object {},
    "module": Object {
      "require": "Bar.js",
    },
    "pathLine": "../../Bar.js",
    "props": Object {
      "require": "!!~/src/loaders/props-loader.js!Bar.js",
    },
    "slug": "bar",
  },
]
`;
