// Jest Snapshot v1, https://goo.gl/fbAQLP

exports[`getSections() should return an array 1`] = `
Array [
  Object {
    "components": Array [],
    "content": Object {
      "require": "!!~/src/loaders/examples-loader.js!~/test/components/Button/Readme.md",
    },
    "exampleMode": "collapse",
    "href": undefined,
    "name": "Readme",
    "sectionDepth": 0,
    "sections": Array [],
    "slug": "section-readme-1",
    "usageMode": "collapse",
  },
  Object {
    "components": Array [
      Object {
        "filepath": "components/Annotation/Annotation.js",
        "hasExamples": true,
        "metadata": Object {},
        "module": Object {
          "require": "~/test/components/Annotation/Annotation.js",
        },
        "pathLine": "components/Annotation/Annotation.js",
        "props": Object {
          "require": "!!~/src/loaders/props-loader.js!~/test/components/Annotation/Annotation.js",
        },
        "slug": "annotation-1",
      },
      Object {
        "filepath": "components/Button/Button.js",
        "hasExamples": true,
        "metadata": Object {},
        "module": Object {
          "require": "~/test/components/Button/Button.js",
        },
        "pathLine": "components/Button/Button.js",
        "props": Object {
          "require": "!!~/src/loaders/props-loader.js!~/test/components/Button/Button.js",
        },
        "slug": "button-2",
      },
      Object {
        "filepath": "components/Placeholder/Placeholder.js",
        "hasExamples": true,
        "metadata": Object {
          "require": "~/test/components/Placeholder/Placeholder.json",
        },
        "module": Object {
          "require": "~/test/components/Placeholder/Placeholder.js",
        },
        "pathLine": "components/Placeholder/Placeholder.js",
        "props": Object {
          "require": "!!~/src/loaders/props-loader.js!~/test/components/Placeholder/Placeholder.js",
        },
        "slug": "placeholder-2",
      },
      Object {
        "filepath": "components/Price/Price.js",
        "hasExamples": true,
        "metadata": Object {},
        "module": Object {
          "require": "~/test/components/Price/Price.js",
        },
        "pathLine": "components/Price/Price.js",
        "props": Object {
          "require": "!!~/src/loaders/props-loader.js!~/test/components/Price/Price.js",
        },
        "slug": "price-2",
      },
      Object {
        "filepath": "components/RandomButton/RandomButton.js",
        "hasExamples": true,
        "metadata": Object {},
        "module": Object {
          "require": "~/test/components/RandomButton/RandomButton.js",
        },
        "pathLine": "components/RandomButton/RandomButton.js",
        "props": Object {
          "require": "!!~/src/loaders/props-loader.js!~/test/components/RandomButton/RandomButton.js",
        },
        "slug": "randombutton-2",
      },
    ],
    "content": undefined,
    "exampleMode": "collapse",
    "href": undefined,
    "name": "Components",
    "sectionDepth": 0,
    "sections": Array [],
    "slug": "section-components-1",
    "usageMode": "collapse",
  },
  Object {
    "components": Array [
      Object {
        "filepath": "components/Button/Button.js",
        "hasExamples": true,
        "metadata": Object {},
        "module": Object {
          "require": "~/test/components/Button/Button.js",
        },
        "pathLine": "components/Button/Button.js",
        "props": Object {
          "require": "!!~/src/loaders/props-loader.js!~/test/components/Button/Button.js",
        },
        "slug": "button-3",
      },
      Object {
        "filepath": "components/Label/index.js",
        "hasExamples": true,
        "metadata": Object {},
        "module": Object {
          "require": "~/test/components/Label/index.js",
        },
        "pathLine": "components/Label/index.js",
        "props": Object {
          "require": "!!~/src/loaders/props-loader.js!~/test/components/Label/index.js",
        },
        "slug": "label-1",
      },
      Object {
        "filepath": "components/Placeholder/Placeholder.js",
        "hasExamples": true,
        "metadata": Object {
          "require": "~/test/components/Placeholder/Placeholder.json",
        },
        "module": Object {
          "require": "~/test/components/Placeholder/Placeholder.js",
        },
        "pathLine": "components/Placeholder/Placeholder.js",
        "props": Object {
          "require": "!!~/src/loaders/props-loader.js!~/test/components/Placeholder/Placeholder.js",
        },
        "slug": "placeholder-3",
      },
      Object {
        "filepath": "components/Price/Price.js",
        "hasExamples": true,
        "metadata": Object {},
        "module": Object {
          "require": "~/test/components/Price/Price.js",
        },
        "pathLine": "components/Price/Price.js",
        "props": Object {
          "require": "!!~/src/loaders/props-loader.js!~/test/components/Price/Price.js",
        },
        "slug": "price-3",
      },
      Object {
        "filepath": "components/RandomButton/RandomButton.js",
        "hasExamples": true,
        "metadata": Object {},
        "module": Object {
          "require": "~/test/components/RandomButton/RandomButton.js",
        },
        "pathLine": "components/RandomButton/RandomButton.js",
        "props": Object {
          "require": "!!~/src/loaders/props-loader.js!~/test/components/RandomButton/RandomButton.js",
        },
        "slug": "randombutton-3",
      },
    ],
    "content": undefined,
    "exampleMode": "collapse",
    "href": undefined,
    "ignore": "**/components/Annotation/*",
    "name": "Ignore",
    "sectionDepth": 0,
    "sections": Array [],
    "slug": "section-ignore-2",
    "usageMode": "collapse",
  },
  Object {
    "components": Array [],
    "content": Object {
      "content": "Hello World",
      "type": "markdown",
    },
    "exampleMode": "collapse",
    "href": undefined,
    "name": "Ignore",
    "sectionDepth": 0,
    "sections": Array [],
    "slug": "section-ignore-3",
    "usageMode": "collapse",
  },
]
`;

exports[`processSection() should return an object for section with components 1`] = `
Object {
  "components": Array [
    Object {
      "filepath": "components/Annotation/Annotation.js",
      "hasExamples": true,
      "metadata": Object {},
      "module": Object {
        "require": "~/test/components/Annotation/Annotation.js",
      },
      "pathLine": "components/Annotation/Annotation.js",
      "props": Object {
        "require": "!!~/src/loaders/props-loader.js!~/test/components/Annotation/Annotation.js",
      },
      "slug": "annotation",
    },
    Object {
      "filepath": "components/Button/Button.js",
      "hasExamples": true,
      "metadata": Object {},
      "module": Object {
        "require": "~/test/components/Button/Button.js",
      },
      "pathLine": "components/Button/Button.js",
      "props": Object {
        "require": "!!~/src/loaders/props-loader.js!~/test/components/Button/Button.js",
      },
      "slug": "button",
    },
    Object {
      "filepath": "components/Placeholder/Placeholder.js",
      "hasExamples": true,
      "metadata": Object {
        "require": "~/test/components/Placeholder/Placeholder.json",
      },
      "module": Object {
        "require": "~/test/components/Placeholder/Placeholder.js",
      },
      "pathLine": "components/Placeholder/Placeholder.js",
      "props": Object {
        "require": "!!~/src/loaders/props-loader.js!~/test/components/Placeholder/Placeholder.js",
      },
      "slug": "placeholder",
    },
    Object {
      "filepath": "components/Price/Price.js",
      "hasExamples": true,
      "metadata": Object {},
      "module": Object {
        "require": "~/test/components/Price/Price.js",
      },
      "pathLine": "components/Price/Price.js",
      "props": Object {
        "require": "!!~/src/loaders/props-loader.js!~/test/components/Price/Price.js",
      },
      "slug": "price",
    },
    Object {
      "filepath": "components/RandomButton/RandomButton.js",
      "hasExamples": true,
      "metadata": Object {},
      "module": Object {
        "require": "~/test/components/RandomButton/RandomButton.js",
      },
      "pathLine": "components/RandomButton/RandomButton.js",
      "props": Object {
        "require": "!!~/src/loaders/props-loader.js!~/test/components/RandomButton/RandomButton.js",
      },
      "slug": "randombutton",
    },
  ],
  "content": undefined,
  "exampleMode": "collapse",
  "href": undefined,
  "name": "Components",
  "sectionDepth": 0,
  "sections": Array [],
  "slug": "section-components",
  "usageMode": "collapse",
}
`;

exports[`processSection() should return an object for section with content 1`] = `
Object {
  "components": Array [],
  "content": Object {
    "require": "!!~/src/loaders/examples-loader.js!~/test/components/Button/Readme.md",
  },
  "exampleMode": "collapse",
  "href": undefined,
  "name": "Readme",
  "sectionDepth": 0,
  "sections": Array [],
  "slug": "section-readme",
  "usageMode": "collapse",
}
`;

exports[`processSection() should return an object for section with content as function 1`] = `
Object {
  "components": Array [],
  "content": Object {
    "content": "Hello World",
    "type": "markdown",
  },
  "exampleMode": "collapse",
  "href": undefined,
  "name": "Ignore",
  "sectionDepth": 0,
  "sections": Array [],
  "slug": "section-ignore-1",
  "usageMode": "collapse",
}
`;

exports[`processSection() should return an object for section without ignored components 1`] = `
Object {
  "components": Array [
    Object {
      "filepath": "components/Button/Button.js",
      "hasExamples": true,
      "metadata": Object {},
      "module": Object {
        "require": "~/test/components/Button/Button.js",
      },
      "pathLine": "components/Button/Button.js",
      "props": Object {
        "require": "!!~/src/loaders/props-loader.js!~/test/components/Button/Button.js",
      },
      "slug": "button-1",
    },
    Object {
      "filepath": "components/Label/index.js",
      "hasExamples": true,
      "metadata": Object {},
      "module": Object {
        "require": "~/test/components/Label/index.js",
      },
      "pathLine": "components/Label/index.js",
      "props": Object {
        "require": "!!~/src/loaders/props-loader.js!~/test/components/Label/index.js",
      },
      "slug": "label",
    },
    Object {
      "filepath": "components/Placeholder/Placeholder.js",
      "hasExamples": true,
      "metadata": Object {
        "require": "~/test/components/Placeholder/Placeholder.json",
      },
      "module": Object {
        "require": "~/test/components/Placeholder/Placeholder.js",
      },
      "pathLine": "components/Placeholder/Placeholder.js",
      "props": Object {
        "require": "!!~/src/loaders/props-loader.js!~/test/components/Placeholder/Placeholder.js",
      },
      "slug": "placeholder-1",
    },
    Object {
      "filepath": "components/Price/Price.js",
      "hasExamples": true,
      "metadata": Object {},
      "module": Object {
        "require": "~/test/components/Price/Price.js",
      },
      "pathLine": "components/Price/Price.js",
      "props": Object {
        "require": "!!~/src/loaders/props-loader.js!~/test/components/Price/Price.js",
      },
      "slug": "price-1",
    },
    Object {
      "filepath": "components/RandomButton/RandomButton.js",
      "hasExamples": true,
      "metadata": Object {},
      "module": Object {
        "require": "~/test/components/RandomButton/RandomButton.js",
      },
      "pathLine": "components/RandomButton/RandomButton.js",
      "props": Object {
        "require": "!!~/src/loaders/props-loader.js!~/test/components/RandomButton/RandomButton.js",
      },
      "slug": "randombutton-1",
    },
  ],
  "content": undefined,
  "exampleMode": "collapse",
  "href": undefined,
  "ignore": "**/components/Annotation/*",
  "name": "Ignore",
  "sectionDepth": 0,
  "sections": Array [],
  "slug": "section-ignore",
  "usageMode": "collapse",
}
`;
