// Jest Snapshot v1, https://goo.gl/fbAQLP

exports[`should highlight code with specified language 1`] = `
"The only true button.

\`\`\`html
<span class=\\"token tag\\"><span class=\\"token tag\\"><span class=\\"token punctuation\\">&lt;</span>p</span><span class=\\"token punctuation\\">></span></span>Hello React<span class=\\"token tag\\"><span class=\\"token tag\\"><span class=\\"token punctuation\\">&lt;/</span>p</span><span class=\\"token punctuation\\">></span></span>
\`\`\`
"
`;

exports[`should not highlight code without language 1`] = `
"The only \`true\` button.

    <p>Hello React</p>
"
`;
