// Jest Snapshot v1, https://goo.gl/fbAQLP

exports[`processComponent() should return an object for section with content 1`] = `
Object {
  "filepath": "../../../../pizza.js",
  "hasExamples": true,
  "metadata": Object {},
  "module": Object {
    "require": "pizza.js",
  },
  "pathLine": "../../../../pizza.js",
  "props": Object {
    "require": "!!~/src/loaders/props-loader.js!pizza.js",
  },
  "slug": "pizza",
}
`;
